{
    "alloc": {
        "0x000000000000000000000000000000000000aaaa": {
            "code": "0x58585454",
            "balance": "0x3",
            "nonce": "0x1"
        },
        "0xa94f5374fce5edbc8e2a8697c15331677e6ebf0b": {
            "balance": "0x100000000000000"
        }
    },
    "result": {
        "stateRoot": "0x6eebe9027c7e55021e97800395743a66416cff9990fb71f257e893c478a0fda5",
        "txRoot": "0x56e81f171bcc55a6ff8345e692c0f86e5b48e01b996cadc001622fb5e363b421",
        "receiptsRoot": "0x56e81f171bcc55a6ff8345e692c0f86e5b48e01b996cadc001622fb5e363b421",
        "logsHash": "0x1dcc4de8dec75d7aab85b567b6ccd41ad312451b948a7413f0a142fd40d49347",
        "logsBloom": "0x00000000000000000000000000000000000000000000000000000000000000000000000000000000000000000000000000000000000000000000000000000000000000000000000000000000000000000000000000000000000000000000000000000000000000000000000000000000000000000000000000000000000000000000000000000000000000000000000000000000000000000000000000000000000000000000000000000000000000000000000000000000000000000000000000000000000000000000000000000000000000000000000000000000000000000000000000000000000000000000000000000000000000000000000000000000",
        "receipts": [],
        "rejected": [
            {
                "index": 0,
                "error": "max priority fee per gas higher than max fee per gas: address 0x6EF73638C67Aa06A5D143cC4ac5456b4f1b418b5, maxPriorityFeePerGas: 5000000000, maxFeePerGas: 2"
            },
            {
                "index": 1,
                "error": "nonce too high: address 0xa94f5374Fce5edBC8E2a8697C15331677e6EbF0B, tx: 1 state: 0"
            }
        ],
        "currentDifficulty": "0x20000",
        "gasUsed": "0x0",
        "currentBaseFee": "0x3b9aca00"
    }
}