{
    "alloc": {
        "0x000000000000000000000000000000000000aaaa": {
            "code": "0x58585454",
            "balance": "0x3",
            "nonce": "0x1"
        },
        "0x2adc25665018aa1fe0e6bc666dac8fc2697ff9ba": {
            "balance": "0x0"
        },
        "0xa94f5374fce5edbc8e2a8697c15331677e6ebf0b": {
            "balance": "0x100000000000000"
        }
    },
    "result": {
        "stateRoot": "0x949e1ffb8c2422e46d623a0b347195cca6e8084a7afba948b15b07de0ce171fb",
        "txRoot": "0x56e81f171bcc55a6ff8345e692c0f86e5b48e01b996cadc001622fb5e363b421",
        "receiptsRoot": "0x56e81f171bcc55a6ff8345e692c0f86e5b48e01b996cadc001622fb5e363b421",
        "logsHash": "0x1dcc4de8dec75d7aab85b567b6ccd41ad312451b948a7413f0a142fd40d49347",
        "logsBloom": "0x00000000000000000000000000000000000000000000000000000000000000000000000000000000000000000000000000000000000000000000000000000000000000000000000000000000000000000000000000000000000000000000000000000000000000000000000000000000000000000000000000000000000000000000000000000000000000000000000000000000000000000000000000000000000000000000000000000000000000000000000000000000000000000000000000000000000000000000000000000000000000000000000000000000000000000000000000000000000000000000000000000000000000000000000000000000",
        "receipts": [],
        "rejected": [
            {
                "index": 0,
                "error": "transaction type not supported"
            },
            {
                "index": 1,
                "error": "invalid transaction v, r, s values"
            }
        ],
        "currentDifficulty": "0x20000",
        "gasUsed": "0x0",
        "currentBaseFee": "0x3b9aca00"
    }
}