{
    "alloc": {
        "0x0f572e5295c57f15886f9b263e2f6d2d6c7b5ec6": {
            "code": "0x61ffff5060046000f3",
            "balance": "0xde0b6b3a7640000",
            "nonce": "0x1"
        },
        "0x2adc25665018aa1fe0e6bc666dac8fc2697ff9ba": {
            "balance": "0x11e2b"
        },
        "0x6295ee1b4f6dd65047762f924ecd367c17eabf8f": {
            "storage": {
                "0x0000000000000000000000000000000000000000000000000000000000000000": "0x38600060013960015160005560006000f3000000000000000000000000000000"
            },
            "balance": "0x186a0",
            "nonce": "0x1"
        },
        "0xa94f5374fce5edbc8e2a8697c15331677e6ebf0b": {
            "balance": "0xde0b6b3a7615b35",
            "nonce": "0x1"
        },
        "0xb94f5374fce5edbc8e2a8697c15331677e6ebf0b": {
            "code": "0x6001600055",
            "balance": "0x0"
        }
    },
    "result": {
        "stateRoot": "0x4a5dcfaf1664cfda86802841ae81944d84ad16ed9d28bcea741c854df9d2c1b3",
        "txRoot": "0x4bb3fbebb18cca65d6189a9a7b8f49132cbe3639a446d62a424b28845827a049",
        "receiptsRoot": "0x37bb2f4b296aae042e6092784b8b00bc79bc4d4555a431073414eff2ccd75330",
        "logsHash": "0x1dcc4de8dec75d7aab85b567b6ccd41ad312451b948a7413f0a142fd40d49347",
        "logsBloom": "0x00000000000000000000000000000000000000000000000000000000000000000000000000000000000000000000000000000000000000000000000000000000000000000000000000000000000000000000000000000000000000000000000000000000000000000000000000000000000000000000000000000000000000000000000000000000000000000000000000000000000000000000000000000000000000000000000000000000000000000000000000000000000000000000000000000000000000000000000000000000000000000000000000000000000000000000000000000000000000000000000000000000000000000000000000000000",
        "receipts": [
            {
                "root": "0x",
                "status": "0x1",
                "cumulativeGasUsed": "0x11e2b",
                "logsBloom": "0x00000000000000000000000000000000000000000000000000000000000000000000000000000000000000000000000000000000000000000000000000000000000000000000000000000000000000000000000000000000000000000000000000000000000000000000000000000000000000000000000000000000000000000000000000000000000000000000000000000000000000000000000000000000000000000000000000000000000000000000000000000000000000000000000000000000000000000000000000000000000000000000000000000000000000000000000000000000000000000000000000000000000000000000000000000000",
                "logs": null,
                "transactionHash": "0xeaf33ce7ef32abee7b21632ac748df0be8834c38f0764d46956cf6bb9f636ec3",
                "contractAddress": "0x6295ee1b4f6dd65047762f924ecd367c17eabf8f",
                "gasUsed": "0x11e2b",
                "blockHash": "0x0000000000000000000000000000000000000000000000000000000000000000",
                "transactionIndex": "0x0"
            }
        ],
        "currentDifficulty": "0x20000",
        "gasUsed": "0x11e2b"
    }
}