{
    "alloc": {
        "0xaaaaaaaaaaaaaaaaaaaaaaaaaaaaaaaaaaaaaaaa": {
            "balance": "0x0"
        },
        "0xbbbbbbbbbbbbbbbbbbbbbbbbbbbbbbbbbbbbbbbb": {
            "balance": "0x0"
        },
        "0xcccccccccccccccccccccccccccccccccccccccc": {
            "balance": "0x0"
        }
    },
    "result": {
        "stateRoot": "0x9611193be01ee5e9132f1b2ed0088995069448fbaf263da3851b072257bfe126",
        "txRoot": "0x56e81f171bcc55a6ff8345e692c0f86e5b48e01b996cadc001622fb5e363b421",
        "receiptsRoot": "0x56e81f171bcc55a6ff8345e692c0f86e5b48e01b996cadc001622fb5e363b421",
        "logsHash": "0x1dcc4de8dec75d7aab85b567b6ccd41ad312451b948a7413f0a142fd40d49347",
        "logsBloom": "0x00000000000000000000000000000000000000000000000000000000000000000000000000000000000000000000000000000000000000000000000000000000000000000000000000000000000000000000000000000000000000000000000000000000000000000000000000000000000000000000000000000000000000000000000000000000000000000000000000000000000000000000000000000000000000000000000000000000000000000000000000000000000000000000000000000000000000000000000000000000000000000000000000000000000000000000000000000000000000000000000000000000000000000000000000000000",
        "receipts": [],
        "currentDifficulty": "0x20000",
        "gasUsed": "0x0"
    }
}