{
    "alloc": {
        "0x1111111111111111111111111111111111111111": {
            "code": "0xfe",
            "balance": "0x10000000000",
            "nonce": "0x1"
        },
        "0x2adc25665018aa1fe0e6bc666dac8fc2697ff9ba": {
            "balance": "0x0"
        },
        "0xa94f5374fce5edbc8e2a8697c15331677e6ebf0b": {
            "balance": "0x10000000000",
            "nonce": "0x1"
        },
        "0xd02d72e067e77158444ef2020ff2d325f929b363": {
            "balance": "0x1000000000000",
            "nonce": "0x1"
        }
    },
    "result": {
        "stateRoot": "0xcb88fe7bab32885e0aff2087dd4f2ac736195e2905b1fcfc2065ac376d096060",
        "txRoot": "0x56e81f171bcc55a6ff8345e692c0f86e5b48e01b996cadc001622fb5e363b421",
        "receiptsRoot": "0x56e81f171bcc55a6ff8345e692c0f86e5b48e01b996cadc001622fb5e363b421",
        "logsHash": "0x1dcc4de8dec75d7aab85b567b6ccd41ad312451b948a7413f0a142fd40d49347",
        "logsBloom": "0x00000000000000000000000000000000000000000000000000000000000000000000000000000000000000000000000000000000000000000000000000000000000000000000000000000000000000000000000000000000000000000000000000000000000000000000000000000000000000000000000000000000000000000000000000000000000000000000000000000000000000000000000000000000000000000000000000000000000000000000000000000000000000000000000000000000000000000000000000000000000000000000000000000000000000000000000000000000000000000000000000000000000000000000000000000000",
        "receipts": [],
        "rejected": [
            {
                "index": 0,
                "error": "transaction type not supported"
            },
            {
                "index": 1,
                "error": "transaction type not supported"
            },
            {
                "index": 2,
                "error": "transaction type not supported"
            },
            {
                "index": 3,
                "error": "transaction type not supported"
            }
        ],
        "currentDifficulty": "0x20000",
        "gasUsed": "0x0",
        "currentBaseFee": "0x36b"
    }
}