{
    "alloc": {
        "0x8a8eafb1cf62bfbeb1741769dae1a9dd47996192": {
            "balance": "0xfeedbead"
        },
        "0xa94f5374fce5edbc8e2a8697c15331677e6ebf0b": {
            "balance": "0x5ffd4878be161d74",
            "nonce": "0xac"
        },
        "0xc94f5374fce5edbc8e2a8697c15331677e6ebf0b": {
            "balance": "0x0"
        }
    },
    "result": {
        "stateRoot": "0x8b2dfcf27c0b352bf28f936130985e7647aa69c581e628604b60cefaedfb835a",
        "txRoot": "0x56e81f171bcc55a6ff8345e692c0f86e5b48e01b996cadc001622fb5e363b421",
        "receiptsRoot": "0x56e81f171bcc55a6ff8345e692c0f86e5b48e01b996cadc001622fb5e363b421",
        "logsHash": "0x1dcc4de8dec75d7aab85b567b6ccd41ad312451b948a7413f0a142fd40d49347",
        "logsBloom": "0x00000000000000000000000000000000000000000000000000000000000000000000000000000000000000000000000000000000000000000000000000000000000000000000000000000000000000000000000000000000000000000000000000000000000000000000000000000000000000000000000000000000000000000000000000000000000000000000000000000000000000000000000000000000000000000000000000000000000000000000000000000000000000000000000000000000000000000000000000000000000000000000000000000000000000000000000000000000000000000000000000000000000000000000000000000000",
        "receipts": [],
        "currentDifficulty": "0xffffffffffffffffffffffffffffffffffffffffffffffffffffffffff020000",
        "gasUsed": "0x0"
    }
}