{
    "alloc": {
        "0x8a8eafb1cf62bfbeb1741769dae1a9dd47996192": {
            "balance": "0x1"
        },
        "0xa94f5374fce5edbc8e2a8697c15331677e6ebf0b": {
            "balance": "0x5ffd4878bc29ed73",
            "nonce": "0xad"
        },
        "0xc94f5374fce5edbc8e2a8697c15331677e6ebf0b": {
            "balance": "0x1ec3000"
        }
    },
    "result": {
        "stateRoot": "0xb056800260ffcf459b9acdfd9b213fce174bdfa53cfeaf505f0cfa9f411db860",
        "txRoot": "0xce33912b4cf372522562c5b3c052fee340c798bfc07e6277b886ebf992f2609f",
        "receiptsRoot": "0x8e430329f2a05064fb33c5e840f8952f4ef5f11dd634e524d7982cbe6bc61a5d",
        "logsHash": "0x1dcc4de8dec75d7aab85b567b6ccd41ad312451b948a7413f0a142fd40d49347",
        "logsBloom": "0x00000000000000000000000000000000000000000000000000000000000000000000000000000000000000000000000000000000000000000000000000000000000000000000000000000000000000000000000000000000000000000000000000000000000000000000000000000000000000000000000000000000000000000000000000000000000000000000000000000000000000000000000000000000000000000000000000000000000000000000000000000000000000000000000000000000000000000000000000000000000000000000000000000000000000000000000000000000000000000000000000000000000000000000000000000000",
        "receipts": [
            {
                "root": "0xb056800260ffcf459b9acdfd9b213fce174bdfa53cfeaf505f0cfa9f411db860",
                "status": "0x1",
                "cumulativeGasUsed": "0x5208",
                "logsBloom": "0x00000000000000000000000000000000000000000000000000000000000000000000000000000000000000000000000000000000000000000000000000000000000000000000000000000000000000000000000000000000000000000000000000000000000000000000000000000000000000000000000000000000000000000000000000000000000000000000000000000000000000000000000000000000000000000000000000000000000000000000000000000000000000000000000000000000000000000000000000000000000000000000000000000000000000000000000000000000000000000000000000000000000000000000000000000000",
                "logs": null,
                "transactionHash": "0xace5cd2399bbb9628f610307a456dfb38614d25655398d63831a4a5826785e40",
                "contractAddress": "0x0000000000000000000000000000000000000000",
                "gasUsed": "0x5208",
                "blockHash": "0x0000000000000000000000000000000000000000000000000000000000000000",
                "transactionIndex": "0x0"
            }
        ],
        "currentDifficulty": "0x20000",
        "gasUsed": "0x5208"
    }
}