{
    "alloc": {
        "0xa94f5374fce5edbc8e2a8697c15331677e6ebf0b": {
            "balance": "0x5ffd4878be161d74",
            "nonce": "0xac"
        }
    },
    "result": {
        "stateRoot": "0x69075bbe626a5bfa4894cad9475626645704a1c4dafd3685f134018fb981d737",
        "txRoot": "0x56e81f171bcc55a6ff8345e692c0f86e5b48e01b996cadc001622fb5e363b421",
        "receiptsRoot": "0x56e81f171bcc55a6ff8345e692c0f86e5b48e01b996cadc001622fb5e363b421",
        "logsHash": "0x1dcc4de8dec75d7aab85b567b6ccd41ad312451b948a7413f0a142fd40d49347",
        "logsBloom": "0x00000000000000000000000000000000000000000000000000000000000000000000000000000000000000000000000000000000000000000000000000000000000000000000000000000000000000000000000000000000000000000000000000000000000000000000000000000000000000000000000000000000000000000000000000000000000000000000000000000000000000000000000000000000000000000000000000000000000000000000000000000000000000000000000000000000000000000000000000000000000000000000000000000000000000000000000000000000000000000000000000000000000000000000000000000000",
        "receipts": [],
        "rejected": [
            {
                "index": 0,
                "error": "max fee per gas less than block base fee: address 0xa94f5374Fce5edBC8E2a8697C15331677e6EbF0B, maxFeePerGas: 1536 baseFee: 1000000000"
            }
        ],
        "currentDifficulty": "0x20000",
        "gasUsed": "0x0",
        "currentBaseFee": "0x3b9aca00"
    }
}