{
    "alloc": {
        "0x0000000000000000000000000000000000000000": {
            "balance": "0xde0b6b3a76586a0"
        },
        "0x2adc25665018aa1fe0e6bc666dac8fc2697ff9ba": {
            "balance": "0x5f58340"
        },
        "0xa94f5374fce5edbc8e2a8697c15331677e6ebf0b": {
            "balance": "0xde0b6b3a16cf620",
            "nonce": "0x1"
        }
    },
    "result": {
        "stateRoot": "0xccf7765eff3effe22a5f853099f7da88291b8346b689ffbf54b729ba04170e59",
        "txRoot": "0x75e61774a2ff58cbe32653420256c7f44bc715715a423b0b746d5c622979af6b",
        "receiptsRoot": "0x297434bb102fde84e1334f2767855669b51b075f8aad50f0fec7ed27a9c2033a",
        "logsHash": "0x1dcc4de8dec75d7aab85b567b6ccd41ad312451b948a7413f0a142fd40d49347",
        "logsBloom": "0x00000000000000000000000000000000000000000000000000000000000000000000000000000000000000000000000000000000000000000000000000000000000000000000000000000000000000000000000000000000000000000000000000000000000000000000000000000000000000000000000000000000000000000000000000000000000000000000000000000000000000000000000000000000000000000000000000000000000000000000000000000000000000000000000000000000000000000000000000000000000000000000000000000000000000000000000000000000000000000000000000000000000000000000000000000000",
        "receipts": [
            {
                "root": "0xccf7765eff3effe22a5f853099f7da88291b8346b689ffbf54b729ba04170e59",
                "status": "0x1",
                "cumulativeGasUsed": "0x5f58340",
                "logsBloom": "0x00000000000000000000000000000000000000000000000000000000000000000000000000000000000000000000000000000000000000000000000000000000000000000000000000000000000000000000000000000000000000000000000000000000000000000000000000000000000000000000000000000000000000000000000000000000000000000000000000000000000000000000000000000000000000000000000000000000000000000000000000000000000000000000000000000000000000000000000000000000000000000000000000000000000000000000000000000000000000000000000000000000000000000000000000000000",
                "logs": null,
                "transactionHash": "0x72fadbef39cd251a437eea619cfeda752271a5faaaa2147df012e112159ffb81",
                "contractAddress": "0x0000000000000000000000000000000000000000",
                "gasUsed": "0x5f58340",
                "blockHash": "0x0000000000000000000000000000000000000000000000000000000000000000",
                "transactionIndex": "0x0"
            }
        ],
        "currentDifficulty": "0x20000",
        "gasUsed": "0x5f58340"
    }
}