{
    "alloc": {
        "0x8a8eafb1cf62bfbeb1741769dae1a9dd47996192": {
            "balance": "0xfeedbead"
        },
        "0xa94f5374fce5edbc8e2a8697c15331677e6ebf0b": {
            "balance": "0x5ffd4878be161d74",
            "nonce": "0xac"
        }
    },
    "result": {
        "stateRoot": "0x6f058887ca01549716789c380ede95aecc510e6d1fdc4dbf67d053c7c07f4bdc",
        "txRoot": "0x56e81f171bcc55a6ff8345e692c0f86e5b48e01b996cadc001622fb5e363b421",
        "receiptsRoot": "0x56e81f171bcc55a6ff8345e692c0f86e5b48e01b996cadc001622fb5e363b421",
        "logsHash": "0x1dcc4de8dec75d7aab85b567b6ccd41ad312451b948a7413f0a142fd40d49347",
        "logsBloom": "0x00000000000000000000000000000000000000000000000000000000000000000000000000000000000000000000000000000000000000000000000000000000000000000000000000000000000000000000000000000000000000000000000000000000000000000000000000000000000000000000000000000000000000000000000000000000000000000000000000000000000000000000000000000000000000000000000000000000000000000000000000000000000000000000000000000000000000000000000000000000000000000000000000000000000000000000000000000000000000000000000000000000000000000000000000000000",
        "receipts": [],
        "currentDifficulty": "0x2000000001000",
        "gasUsed": "0x0",
        "currentBaseFee": "0x500"
    }
}